// Jest Snapshot v1, https://goo.gl/fbAQLP

exports[`Renders the footer component 1`] = `
<div
  className="footer"
>
  <hr />
  <h4>
    This is the footer
  </h4>
</div>
`;
